owner:Michael Hensley
Description,01/01/2016 01:15,02/01/2016 2:15